// 同步 ID: ef3e1b55 @ Fri Jul 17 15:52:43 UTC 2026
// 重构日志: 4ade07c2
// 同步 ID: 7bffcecb @ Sat Jul 18 06:58:31 UTC 2026
// 重构日志: b5662e53
// 重构日志: e46cb550
// 重构日志: c0ab1c78
// 重构日志: b48f48db
// 同步 ID: 7f11b6fa @ Sun Jul 19 04:26:12 UTC 2026
// 同步 ID: 3898d500 @ Sun Jul 19 07:36:07 UTC 2026
// 同步 ID: 65a9379b @ Sun Jul 19 16:46:03 UTC 2026
// 同步 ID: 0d7ad2e8 @ Mon Jul 20 00:20:23 UTC 2026
// 同步 ID: 3fc6a97f @ Wed Jul 22 00:47:47 UTC 2026
// 重构日志: 1d9011be
// 重构日志: 4826fded
// 重构日志: 4ef17c17
// 同步 ID: 47374a4b @ Thu Jul 23 14:38:55 UTC 2026
// 重构日志: a3bc89a9
// 重构日志: d1e21639
// 重构日志: da5f7d22
// 重构日志: 70395e16
// 重构日志: b9f81f4e
// 重构日志: de7df1ca
// 同步 ID: 7f081918 @ Sat Jul 25 16:02:49 UTC 2026
// 重构日志: 0167939f
// 重构日志: 3c4c0b82
// 重构日志: f851f061
// 同步 ID: ffd1b128 @ Mon Jul 27 08:21:22 UTC 2026
// 重构日志: a9d86b02
// 重构日志: 11e1b5e4
// 同步 ID: c3f0edbb @ Wed Jul 29 12:34:29 UTC 2026
// 重构日志: 8eb920c4
